SyntaxError: await is only valid in async function